// Jest Snapshot v1, https://goo.gl/fbAQLP

exports[`HomeInfoContainer renders correctly 1`] = `
<DocumentFragment>
  <div
    class="MuiBox-root MuiBox-root-8 makeStyles-mainContainer-1"
  >
    <div
      class="MuiBox-root MuiBox-root-9 makeStyles-halfCircle-2 makeStyles-halfCircle-5"
    />
    <h3
      class="MuiTypography-root makeStyles-header-4 makeStyles-header-7 MuiTypography-h3"
    >
      mock name
    </h3>
    <div
      class="MuiBox-root MuiBox-root-10"
    >
      <div
        class="makeStyles-values-3 makeStyles-values-6"
      >
        0
      </div>
    </div>
  </div>
</DocumentFragment>
`;
